{
    "NodeType": "Program",
    "NodeID": 0,
    "LineNumber": 5,
    "Classes": [
        {
            "NodeType": "Class",
            "NodeID": 1,
            "LineNumber": 5,
            "Name": "Main",
            "Parent": "IO",
            "Features": [
                {
                    "NodeType": "Method",
                    "NodeID": 2,
                    "LineNumber": 6,
                    "Name": "main",
                    "ReturnType": "Void",
                    "Body": {
                        "NodeType": "Block",
                        "NodeID": 3,
                        "LineNumber": 7,
                        "Expressions": [
                            {
                                "NodeType": "Dispatch",
                                "NodeID": 4,
                                "LineNumber": 7,
                                "Name": "out",
                                "Arguments": [
                                    {
                                        "NodeType": "StringConstant",
                                        "NodeID": 5,
                                        "LineNumber": 8,
                                        "Value": "This is # not a comment\\\r\n\\t  _\\n\\t\\\"/ \\\\\\\"\\n\\t\\\"\\\\_/\\\"\\n"
                                    }
                                ]
                            }
                        ]
                    }
                }
            ]
        }
    ]
}