{
    "NodeType": "Program",
    "NodeID": 0,
    "LineNumber": 3,
    "Classes": [
        {
            "NodeType": "Class",
            "NodeID": 1,
            "LineNumber": 3,
            "Name": "K",
            "Parent": "IO",
            "Features": [
                {
                    "NodeType": "Method",
                    "NodeID": 2,
                    "LineNumber": 4,
                    "Name": "main",
                    "ReturnType": "Void",
                    "Body": {
                        "NodeType": "Block",
                        "NodeID": 3,
                        "LineNumber": 5,
                        "Expressions": [
                            {
                                "NodeType": "IfStatement",
                                "NodeID": 4,
                                "LineNumber": 5,
                                "Condition": {
                                    "NodeType": "BinaryOperator",
                                    "NodeID": 5,
                                    "LineNumber": 5,
                                    "OperatorKind": "==",
                                    "LeftHandSide": {
                                        "NodeType": "Dispatch",
                                        "NodeID": 6,
                                        "LineNumber": 5,
                                        "Name": "typeName",
                                        "Object": {
                                            "NodeType": "Symbol",
                                            "NodeID": 7,
                                            "LineNumber": 5,
                                            "Name": "self"
                                        }
                                    },
                                    "RightHandSide": {
                                        "NodeType": "StringConstant",
                                        "NodeID": 8,
                                        "LineNumber": 5,
                                        "Value": "Main"
                                    }
                                },
                                "Then": {
                                    "NodeType": "Block",
                                    "NodeID": 9,
                                    "LineNumber": 6,
                                    "Expressions": [
                                        {
                                            "NodeType": "Dispatch",
                                            "NodeID": 10,
                                            "LineNumber": 6,
                                            "Name": "out",
                                            "Arguments": [
                                                {
                                                    "NodeType": "Substring",
                                                    "NodeID": 11,
                                                    "LineNumber": 6,
                                                    "Object": {
                                                        "NodeType": "Substring",
                                                        "NodeID": 12,
                                                        "LineNumber": 6,
                                                        "Object": {
                                                            "NodeType": "Cast",
                                                            "NodeID": 13,
                                                            "LineNumber": 6,
                                                            "Type": "String",
                                                            "Operand": {
                                                                "NodeType": "Dispatch",
                                                                "NodeID": 14,
                                                                "LineNumber": 6,
                                                                "Name": "copy",
                                                                "Object": {
                                                                    "NodeType": "StringConstant",
                                                                    "NodeID": 15,
                                                                    "LineNumber": 6,
                                                                    "Value": "Original"
                                                                }
                                                            }
                                                        },
                                                        "Start": {
                                                            "NodeType": "IntegerConstant",
                                                            "NodeID": 16,
                                                            "LineNumber": 6,
                                                            "Value": 1
                                                        },
                                                        "End": {
                                                            "NodeType": "IntegerConstant",
                                                            "NodeID": 17,
                                                            "LineNumber": 6,
                                                            "Value": 6
                                                        }
                                                    },
                                                    "Start": {
                                                        "NodeType": "IntegerConstant",
                                                        "NodeID": 18,
                                                        "LineNumber": 6,
                                                        "Value": 1
                                                    },
                                                    "End": {
                                                        "NodeType": "IntegerConstant",
                                                        "NodeID": 19,
                                                        "LineNumber": 6,
                                                        "Value": 3
                                                    }
                                                }
                                            ]
                                        },
                                        {
                                            "NodeType": "Dispatch",
                                            "NodeID": 20,
                                            "LineNumber": 7,
                                            "Name": "abort",
                                            "Object": {
                                                "NodeType": "Symbol",
                                                "NodeID": 21,
                                                "LineNumber": 7,
                                                "Name": "self"
                                            }
                                        },
                                        {
                                            "NodeType": "Dispatch",
                                            "NodeID": 22,
                                            "LineNumber": 8,
                                            "Name": "out",
                                            "Arguments": [
                                                {
                                                    "NodeType": "StringConstant",
                                                    "NodeID": 23,
                                                    "LineNumber": 8,
                                                    "Value": "...Unreachable"
                                                }
                                            ]
                                        }
                                    ]
                                },
                                "Else": {
                                    "NodeType": "Block",
                                    "NodeID": 24,
                                    "LineNumber": 10,
                                    "Expressions": [
                                        {
                                            "NodeType": "Dispatch",
                                            "NodeID": 25,
                                            "LineNumber": 10,
                                            "Name": "out",
                                            "Arguments": [
                                                {
                                                    "NodeType": "StringConstant",
                                                    "NodeID": 26,
                                                    "LineNumber": 10,
                                                    "Value": "...Reachable"
                                                }
                                            ]
                                        }
                                    ]
                                }
                            }
                        ]
                    }
                }
            ]
        },
        {
            "NodeType": "Class",
            "NodeID": 27,
            "LineNumber": 15,
            "Name": "Main",
            "Parent": "K"
        }
    ]
}