{
    "NodeType": "Program",
    "NodeID": 0,
    "LineNumber": 3,
    "Classes": [
        {
            "NodeType": "Class",
            "NodeID": 1,
            "LineNumber": 3,
            "Name": "Main",
            "Features": [
                {
                    "NodeType": "Attribute",
                    "NodeID": 2,
                    "LineNumber": 5,
                    "Name": "a",
                    "Type": "String",
                    "Initializer": {
                        "NodeType": "StringConstant",
                        "NodeID": 3,
                        "LineNumber": 5,
                        "Value": "This is a string literal"
                    }
                },
                {
                    "NodeType": "Attribute",
                    "NodeID": 4,
                    "LineNumber": 7,
                    "Name": "b",
                    "Type": "String",
                    "Initializer": {
                        "NodeType": "StringConstant",
                        "NodeID": 5,
                        "LineNumber": 11,
                        "Value": "This\\\r\n\tis\\\r\n\tanother\\\r\n\tstring literal\\\r\n\t"
                    }
                },
                {
                    "NodeType": "Attribute",
                    "NodeID": 6,
                    "LineNumber": 13,
                    "Name": "c",
                    "Type": "String",
                    "Initializer": {
                        "NodeType": "StringConstant",
                        "NodeID": 7,
                        "LineNumber": 15,
                        "Value": "This is\\\r\n\t#(* a literal *)\\\r\n\ttoo"
                    }
                },
                {
                    "NodeType": "Attribute",
                    "NodeID": 8,
                    "LineNumber": 17,
                    "Name": "d",
                    "Type": "String",
                    "Initializer": {
                        "NodeType": "StringConstant",
                        "NodeID": 9,
                        "LineNumber": 18,
                        "Value": "\\a\\b\\c\\d\\e\\f\\g\\h\\i\\j\\k\\l\\m\\n\\o\\p\\q\\r\\s\\t\\u\\v\\w\\x\\y\\z\\\"\\\r\n\t\\'\\{\\}\\;"
                    }
                },
                {
                    "NodeType": "Method",
                    "NodeID": 10,
                    "LineNumber": 21,
                    "Name": "print",
                    "ReturnType": "Void",
                    "Body": {
                        "NodeType": "Block",
                        "NodeID": 11,
                        "LineNumber": 22,
                        "Expressions": [
                            {
                                "NodeType": "Dispatch",
                                "NodeID": 12,
                                "LineNumber": 22,
                                "Name": "out",
                                "Object": {
                                    "NodeType": "NewObject",
                                    "NodeID": 13,
                                    "LineNumber": 22,
                                    "Type": "IO"
                                },
                                "Arguments": [
                                    {
                                        "NodeType": "BinaryOperator",
                                        "NodeID": 14,
                                        "LineNumber": 22,
                                        "OperatorKind": "+",
                                        "LeftHandSide": {
                                            "NodeType": "BinaryOperator",
                                            "NodeID": 15,
                                            "LineNumber": 22,
                                            "OperatorKind": "+",
                                            "LeftHandSide": {
                                                "NodeType": "StringConstant",
                                                "NodeID": 16,
                                                "LineNumber": 22,
                                                "Value": ">>>"
                                            },
                                            "RightHandSide": {
                                                "NodeType": "Symbol",
                                                "NodeID": 17,
                                                "LineNumber": 22,
                                                "Name": "s"
                                            }
                                        },
                                        "RightHandSide": {
                                            "NodeType": "StringConstant",
                                            "NodeID": 18,
                                            "LineNumber": 22,
                                            "Value": "<<<\\n"
                                        }
                                    }
                                ]
                            }
                        ]
                    },
                    "FormalParams": [
                        {
                            "NodeType": "FormalParam",
                            "NodeID": 19,
                            "LineNumber": 21,
                            "Name": "s",
                            "Type": "String"
                        }
                    ]
                },
                {
                    "NodeType": "Method",
                    "NodeID": 20,
                    "LineNumber": 25,
                    "Name": "main",
                    "ReturnType": "Void",
                    "Body": {
                        "NodeType": "Block",
                        "NodeID": 21,
                        "LineNumber": 26,
                        "Expressions": [
                            {
                                "NodeType": "Dispatch",
                                "NodeID": 22,
                                "LineNumber": 26,
                                "Name": "print",
                                "Arguments": [
                                    {
                                        "NodeType": "Symbol",
                                        "NodeID": 23,
                                        "LineNumber": 26,
                                        "Name": "a"
                                    }
                                ]
                            },
                            {
                                "NodeType": "Dispatch",
                                "NodeID": 24,
                                "LineNumber": 26,
                                "Name": "print",
                                "Arguments": [
                                    {
                                        "NodeType": "Symbol",
                                        "NodeID": 25,
                                        "LineNumber": 26,
                                        "Name": "b"
                                    }
                                ]
                            },
                            {
                                "NodeType": "Dispatch",
                                "NodeID": 26,
                                "LineNumber": 26,
                                "Name": "print",
                                "Arguments": [
                                    {
                                        "NodeType": "Symbol",
                                        "NodeID": 27,
                                        "LineNumber": 26,
                                        "Name": "c"
                                    }
                                ]
                            },
                            {
                                "NodeType": "Dispatch",
                                "NodeID": 28,
                                "LineNumber": 26,
                                "Name": "print",
                                "Arguments": [
                                    {
                                        "NodeType": "Symbol",
                                        "NodeID": 29,
                                        "LineNumber": 26,
                                        "Name": "d"
                                    }
                                ]
                            }
                        ]
                    }
                }
            ]
        }
    ]
}